<?xml version="1.0" encoding="UTF-8"?>
<testsuites>
  <testsuite name="/Volumes/data/git/php/think-runtime2/phpunit.xml" tests="132" assertions="397" errors="0" failures="0" skipped="0" time="0.124008">
    <testsuite name="Unit" tests="116" assertions="355" errors="0" failures="0" skipped="0" time="0.078153">
      <testsuite name="Tests\Unit\Resolver\GenericResolverTest" file="tests/Unit/Resolver/GenericResolverTest.php" tests="11" assertions="33" errors="0" failures="0" skipped="0" time="0.031741">
        <testcase name="it implements ResolverInterface" file="tests/Unit/Resolver/GenericResolverTest.php::it implements ResolverInterface" class="Tests\Unit\Resolver\GenericResolverTest" classname="Tests.Unit.Resolver.GenericResolverTest" assertions="1" time="0.027216"/>
        <testcase name="it resolves context array parameter" file="tests/Unit/Resolver/GenericResolverTest.php::it resolves context array parameter" class="Tests\Unit\Resolver\GenericResolverTest" classname="Tests.Unit.Resolver.GenericResolverTest" assertions="6" time="0.003042"/>
        <testcase name="it resolves argv array parameter" file="tests/Unit/Resolver/GenericResolverTest.php::it resolves argv array parameter" class="Tests\Unit\Resolver\GenericResolverTest" classname="Tests.Unit.Resolver.GenericResolverTest" assertions="2" time="0.000144"/>
        <testcase name="it resolves multiple parameters" file="tests/Unit/Resolver/GenericResolverTest.php::it resolves multiple parameters" class="Tests\Unit\Resolver\GenericResolverTest" classname="Tests.Unit.Resolver.GenericResolverTest" assertions="4" time="0.000158"/>
        <testcase name="it uses default values for optional parameters" file="tests/Unit/Resolver/GenericResolverTest.php::it uses default values for optional parameters" class="Tests\Unit\Resolver\GenericResolverTest" classname="Tests.Unit.Resolver.GenericResolverTest" assertions="3" time="0.000121"/>
        <testcase name="it handles nullable parameters" file="tests/Unit/Resolver/GenericResolverTest.php::it handles nullable parameters" class="Tests\Unit\Resolver\GenericResolverTest" classname="Tests.Unit.Resolver.GenericResolverTest" assertions="2" time="0.000494"/>
        <testcase name="it throws exception for unresolvable required parameters" file="tests/Unit/Resolver/GenericResolverTest.php::it throws exception for unresolvable required parameters" class="Tests\Unit\Resolver\GenericResolverTest" classname="Tests.Unit.Resolver.GenericResolverTest" assertions="1" time="0.000110"/>
        <testcase name="it resolves named parameters correctly" file="tests/Unit/Resolver/GenericResolverTest.php::it resolves named parameters correctly" class="Tests\Unit\Resolver\GenericResolverTest" classname="Tests.Unit.Resolver.GenericResolverTest" assertions="2" time="0.000107"/>
        <testcase name="it resolves request array parameter" file="tests/Unit/Resolver/GenericResolverTest.php::it resolves request array parameter" class="Tests\Unit\Resolver\GenericResolverTest" classname="Tests.Unit.Resolver.GenericResolverTest" assertions="8" time="0.000159"/>
        <testcase name="it resolves callable with no parameters" file="tests/Unit/Resolver/GenericResolverTest.php::it resolves callable with no parameters" class="Tests\Unit\Resolver\GenericResolverTest" classname="Tests.Unit.Resolver.GenericResolverTest" assertions="3" time="0.000103"/>
        <testcase name="it supports all callables" file="tests/Unit/Resolver/GenericResolverTest.php::it supports all callables" class="Tests\Unit\Resolver\GenericResolverTest" classname="Tests.Unit.Resolver.GenericResolverTest" assertions="1" time="0.000086"/>
      </testsuite>
      <testsuite name="Tests\Unit\Runner\CallableRunnerTest" file="tests/Unit/Runner/CallableRunnerTest.php" tests="6" assertions="6" errors="0" failures="0" skipped="0" time="0.010031">
        <testcase name="it runs callable and returns exit code" file="tests/Unit/Runner/CallableRunnerTest.php::it runs callable and returns exit code" class="Tests\Unit\Runner\CallableRunnerTest" classname="Tests.Unit.Runner.CallableRunnerTest" assertions="1" time="0.009593"/>
        <testcase name="it returns 0 for non-integer return values" file="tests/Unit/Runner/CallableRunnerTest.php::it returns 0 for non-integer return values" class="Tests\Unit\Runner\CallableRunnerTest" classname="Tests.Unit.Runner.CallableRunnerTest" assertions="1" time="0.000098"/>
        <testcase name="it returns 0 for null return values" file="tests/Unit/Runner/CallableRunnerTest.php::it returns 0 for null return values" class="Tests\Unit\Runner\CallableRunnerTest" classname="Tests.Unit.Runner.CallableRunnerTest" assertions="1" time="0.000087"/>
        <testcase name="it can execute callable with side effects" file="tests/Unit/Runner/CallableRunnerTest.php::it can execute callable with side effects" class="Tests\Unit\Runner\CallableRunnerTest" classname="Tests.Unit.Runner.CallableRunnerTest" assertions="1" time="0.000086"/>
        <testcase name="it accepts options in constructor" file="tests/Unit/Runner/CallableRunnerTest.php::it accepts options in constructor" class="Tests\Unit\Runner\CallableRunnerTest" classname="Tests.Unit.Runner.CallableRunnerTest" assertions="1" time="0.000087"/>
        <testcase name="it implements RunnerInterface" file="tests/Unit/Runner/CallableRunnerTest.php::it implements RunnerInterface" class="Tests\Unit\Runner\CallableRunnerTest" classname="Tests.Unit.Runner.CallableRunnerTest" assertions="1" time="0.000080"/>
      </testsuite>
      <testsuite name="Tests\Unit\Runner\FrankenPHP\FrankenPHPRunnerTest" file="tests/Unit/Runner/FrankenPHP/FrankenPHPRunnerTest.php" tests="7" assertions="13" errors="0" failures="0" skipped="0" time="0.006178">
        <testcase name="it implements RunnerInterface" file="tests/Unit/Runner/FrankenPHP/FrankenPHPRunnerTest.php::it implements RunnerInterface" class="Tests\Unit\Runner\FrankenPHP\FrankenPHPRunnerTest" classname="Tests.Unit.Runner.FrankenPHP.FrankenPHPRunnerTest" assertions="1" time="0.001585"/>
        <testcase name="it handles different response types" file="tests/Unit/Runner/FrankenPHP/FrankenPHPRunnerTest.php::it handles different response types" class="Tests\Unit\Runner\FrankenPHP\FrankenPHPRunnerTest" classname="Tests.Unit.Runner.FrankenPHP.FrankenPHPRunnerTest" assertions="1" time="0.000123"/>
        <testcase name="it handles array response as JSON" file="tests/Unit/Runner/FrankenPHP/FrankenPHPRunnerTest.php::it handles array response as JSON" class="Tests\Unit\Runner\FrankenPHP\FrankenPHPRunnerTest" classname="Tests.Unit.Runner.FrankenPHP.FrankenPHPRunnerTest" assertions="1" time="0.000133"/>
        <testcase name="it extracts headers from server variables" file="tests/Unit/Runner/FrankenPHP/FrankenPHPRunnerTest.php::it extracts headers from server variables" class="Tests\Unit\Runner\FrankenPHP\FrankenPHPRunnerTest" classname="Tests.Unit.Runner.FrankenPHP.FrankenPHPRunnerTest" assertions="6" time="0.000161"/>
        <testcase name="it throws exception when FrankenPHP is not available" file="tests/Unit/Runner/FrankenPHP/FrankenPHPRunnerTest.php::it throws exception when FrankenPHP is not available" class="Tests\Unit\Runner\FrankenPHP\FrankenPHPRunnerTest" classname="Tests.Unit.Runner.FrankenPHP.FrankenPHPRunnerTest" assertions="2" time="0.000757"/>
        <testcase name="it accepts options in constructor" file="tests/Unit/Runner/FrankenPHP/FrankenPHPRunnerTest.php::it accepts options in constructor" class="Tests\Unit\Runner\FrankenPHP\FrankenPHPRunnerTest" classname="Tests.Unit.Runner.FrankenPHP.FrankenPHPRunnerTest" assertions="1" time="0.000092"/>
        <testcase name="it creates request from globals" file="tests/Unit/Runner/FrankenPHP/FrankenPHPRunnerTest.php::it creates request from globals" class="Tests\Unit\Runner\FrankenPHP\FrankenPHPRunnerTest" classname="Tests.Unit.Runner.FrankenPHP.FrankenPHPRunnerTest" assertions="1" time="0.003327"/>
      </testsuite>
      <testsuite name="Tests\Unit\Runner\Swoole\SwooleRunnerTest" file="tests/Unit/Runner/Swoole/SwooleRunnerTest.php" tests="7" assertions="21" errors="0" failures="0" skipped="0" time="0.002660">
        <testcase name="it throws exception when Swoole is not available" file="tests/Unit/Runner/Swoole/SwooleRunnerTest.php::it throws exception when Swoole is not available" class="Tests\Unit\Runner\Swoole\SwooleRunnerTest" classname="Tests.Unit.Runner.Swoole.SwooleRunnerTest" assertions="2" time="0.002007"/>
        <testcase name="it accepts options in constructor" file="tests/Unit/Runner/Swoole/SwooleRunnerTest.php::it accepts options in constructor" class="Tests\Unit\Runner\Swoole\SwooleRunnerTest" classname="Tests.Unit.Runner.Swoole.SwooleRunnerTest" assertions="1" time="0.000093"/>
        <testcase name="it creates request from Swoole request" file="tests/Unit/Runner/Swoole/SwooleRunnerTest.php::it creates request from Swoole request" class="Tests\Unit\Runner\Swoole\SwooleRunnerTest" classname="Tests.Unit.Runner.Swoole.SwooleRunnerTest" assertions="9" time="0.000167"/>
        <testcase name="it sends different response types" file="tests/Unit/Runner/Swoole/SwooleRunnerTest.php::it sends different response types" class="Tests\Unit\Runner\Swoole\SwooleRunnerTest" classname="Tests.Unit.Runner.Swoole.SwooleRunnerTest" assertions="3" time="0.000100"/>
        <testcase name="it handles exceptions correctly" file="tests/Unit/Runner/Swoole/SwooleRunnerTest.php::it handles exceptions correctly" class="Tests\Unit\Runner\Swoole\SwooleRunnerTest" classname="Tests.Unit.Runner.Swoole.SwooleRunnerTest" assertions="3" time="0.000110"/>
        <testcase name="it handles exceptions in production mode" file="tests/Unit/Runner/Swoole/SwooleRunnerTest.php::it handles exceptions in production mode" class="Tests\Unit\Runner\Swoole\SwooleRunnerTest" classname="Tests.Unit.Runner.Swoole.SwooleRunnerTest" assertions="2" time="0.000100"/>
        <testcase name="it implements RunnerInterface" file="tests/Unit/Runner/Swoole/SwooleRunnerTest.php::it implements RunnerInterface" class="Tests\Unit\Runner\Swoole\SwooleRunnerTest" classname="Tests.Unit.Runner.Swoole.SwooleRunnerTest" assertions="1" time="0.000084"/>
      </testsuite>
      <testsuite name="Tests\Unit\Runner\ThinkPHP\HttpKernelRunnerTest" file="tests/Unit/Runner/ThinkPHP/HttpKernelRunnerTest.php" tests="8" assertions="9" errors="0" failures="0" skipped="0" time="0.002887">
        <testcase name="it implements RunnerInterface" file="tests/Unit/Runner/ThinkPHP/HttpKernelRunnerTest.php::it implements RunnerInterface" class="Tests\Unit\Runner\ThinkPHP\HttpKernelRunnerTest" classname="Tests.Unit.Runner.ThinkPHP.HttpKernelRunnerTest" assertions="1" time="0.001734"/>
        <testcase name="it handles application with terminate method" file="tests/Unit/Runner/ThinkPHP/HttpKernelRunnerTest.php::it handles application with terminate method" class="Tests\Unit\Runner\ThinkPHP\HttpKernelRunnerTest" classname="Tests.Unit.Runner.ThinkPHP.HttpKernelRunnerTest" assertions="1" time="0.000118"/>
        <testcase name="it handles different response types" file="tests/Unit/Runner/ThinkPHP/HttpKernelRunnerTest.php::it handles different response types" class="Tests\Unit\Runner\ThinkPHP\HttpKernelRunnerTest" classname="Tests.Unit.Runner.ThinkPHP.HttpKernelRunnerTest" assertions="1" time="0.000107"/>
        <testcase name="it handles array response as JSON" file="tests/Unit/Runner/ThinkPHP/HttpKernelRunnerTest.php::it handles array response as JSON" class="Tests\Unit\Runner\ThinkPHP\HttpKernelRunnerTest" classname="Tests.Unit.Runner.ThinkPHP.HttpKernelRunnerTest" assertions="1" time="0.000097"/>
        <testcase name="it returns 1 on exception" file="tests/Unit/Runner/ThinkPHP/HttpKernelRunnerTest.php::it returns 1 on exception" class="Tests\Unit\Runner\ThinkPHP\HttpKernelRunnerTest" classname="Tests.Unit.Runner.ThinkPHP.HttpKernelRunnerTest" assertions="1" time="0.000100"/>
        <testcase name="it shows detailed error in debug mode" file="tests/Unit/Runner/ThinkPHP/HttpKernelRunnerTest.php::it shows detailed error in debug mode" class="Tests\Unit\Runner\ThinkPHP\HttpKernelRunnerTest" classname="Tests.Unit.Runner.ThinkPHP.HttpKernelRunnerTest" assertions="2" time="0.000428"/>
        <testcase name="it creates request from globals" file="tests/Unit/Runner/ThinkPHP/HttpKernelRunnerTest.php::it creates request from globals" class="Tests\Unit\Runner\ThinkPHP\HttpKernelRunnerTest" classname="Tests.Unit.Runner.ThinkPHP.HttpKernelRunnerTest" assertions="1" time="0.000205"/>
        <testcase name="it runs application and returns 0 on success" file="tests/Unit/Runner/ThinkPHP/HttpKernelRunnerTest.php::it runs application and returns 0 on success" class="Tests\Unit\Runner\ThinkPHP\HttpKernelRunnerTest" classname="Tests.Unit.Runner.ThinkPHP.HttpKernelRunnerTest" assertions="1" time="0.000099"/>
      </testsuite>
      <testsuite name="Tests\Unit\Runner\Vercel\VercelRunnerTest" file="tests/Unit/Runner/Vercel/VercelRunnerTest.php" tests="11" assertions="38" errors="0" failures="0" skipped="0" time="0.002920">
        <testcase name="it accepts options in constructor" file="tests/Unit/Runner/Vercel/VercelRunnerTest.php::it accepts options in constructor" class="Tests\Unit\Runner\Vercel\VercelRunnerTest" classname="Tests.Unit.Runner.Vercel.VercelRunnerTest" assertions="1" time="0.001681"/>
        <testcase name="it gets Vercel context information" file="tests/Unit/Runner/Vercel/VercelRunnerTest.php::it gets Vercel context information" class="Tests\Unit\Runner\Vercel\VercelRunnerTest" classname="Tests.Unit.Runner.Vercel.VercelRunnerTest" assertions="6" time="0.000148"/>
        <testcase name="it sets CORS headers correctly" file="tests/Unit/Runner/Vercel/VercelRunnerTest.php::it sets CORS headers correctly" class="Tests\Unit\Runner\Vercel\VercelRunnerTest" classname="Tests.Unit.Runner.Vercel.VercelRunnerTest" assertions="1" time="0.000097"/>
        <testcase name="it sends JSON response correctly" file="tests/Unit/Runner/Vercel/VercelRunnerTest.php::it sends JSON response correctly" class="Tests\Unit\Runner\Vercel\VercelRunnerTest" classname="Tests.Unit.Runner.Vercel.VercelRunnerTest" assertions="1" time="0.000092"/>
        <testcase name="it sends string response correctly" file="tests/Unit/Runner/Vercel/VercelRunnerTest.php::it sends string response correctly" class="Tests\Unit\Runner\Vercel\VercelRunnerTest" classname="Tests.Unit.Runner.Vercel.VercelRunnerTest" assertions="1" time="0.000100"/>
        <testcase name="it extracts headers from server variables" file="tests/Unit/Runner/Vercel/VercelRunnerTest.php::it extracts headers from server variables" class="Tests\Unit\Runner\Vercel\VercelRunnerTest" classname="Tests.Unit.Runner.Vercel.VercelRunnerTest" assertions="6" time="0.000122"/>
        <testcase name="it handles exceptions in development mode" file="tests/Unit/Runner/Vercel/VercelRunnerTest.php::it handles exceptions in development mode" class="Tests\Unit\Runner\Vercel\VercelRunnerTest" classname="Tests.Unit.Runner.Vercel.VercelRunnerTest" assertions="6" time="0.000165"/>
        <testcase name="it handles CORS preflight requests" file="tests/Unit/Runner/Vercel/VercelRunnerTest.php::it handles CORS preflight requests" class="Tests\Unit\Runner\Vercel\VercelRunnerTest" classname="Tests.Unit.Runner.Vercel.VercelRunnerTest" assertions="1" time="0.000081"/>
        <testcase name="it creates request from serverless environment" file="tests/Unit/Runner/Vercel/VercelRunnerTest.php::it creates request from serverless environment" class="Tests\Unit\Runner\Vercel\VercelRunnerTest" classname="Tests.Unit.Runner.Vercel.VercelRunnerTest" assertions="9" time="0.000194"/>
        <testcase name="it handles exceptions in production mode" file="tests/Unit/Runner/Vercel/VercelRunnerTest.php::it handles exceptions in production mode" class="Tests\Unit\Runner\Vercel\VercelRunnerTest" classname="Tests.Unit.Runner.Vercel.VercelRunnerTest" assertions="5" time="0.000157"/>
        <testcase name="it implements RunnerInterface" file="tests/Unit/Runner/Vercel/VercelRunnerTest.php::it implements RunnerInterface" class="Tests\Unit\Runner\Vercel\VercelRunnerTest" classname="Tests.Unit.Runner.Vercel.VercelRunnerTest" assertions="1" time="0.000084"/>
      </testsuite>
      <testsuite name="Tests\Unit\Runner\VoidRunnerTest" file="tests/Unit/Runner/VoidRunnerTest.php" tests="3" assertions="3" errors="0" failures="0" skipped="0" time="0.001980">
        <testcase name="it always returns 0" file="tests/Unit/Runner/VoidRunnerTest.php::it always returns 0" class="Tests\Unit\Runner\VoidRunnerTest" classname="Tests.Unit.Runner.VoidRunnerTest" assertions="1" time="0.001589"/>
        <testcase name="it can be instantiated without parameters" file="tests/Unit/Runner/VoidRunnerTest.php::it can be instantiated without parameters" class="Tests\Unit\Runner\VoidRunnerTest" classname="Tests.Unit.Runner.VoidRunnerTest" assertions="1" time="0.000234"/>
        <testcase name="it implements RunnerInterface" file="tests/Unit/Runner/VoidRunnerTest.php::it implements RunnerInterface" class="Tests\Unit\Runner\VoidRunnerTest" classname="Tests.Unit.Runner.VoidRunnerTest" assertions="1" time="0.000157"/>
      </testsuite>
      <testsuite name="Tests\Unit\Runtime\AbstractRuntimeTest" file="tests/Unit/Runtime/AbstractRuntimeTest.php" tests="9" assertions="22" errors="0" failures="0" skipped="0" time="0.003003">
        <testcase name="it implements RuntimeInterface" file="tests/Unit/Runtime/AbstractRuntimeTest.php::it implements RuntimeInterface" class="Tests\Unit\Runtime\AbstractRuntimeTest" classname="Tests.Unit.Runtime.AbstractRuntimeTest" assertions="1" time="0.001517"/>
        <testcase name="it has default options" file="tests/Unit/Runtime/AbstractRuntimeTest.php::it has default options" class="Tests\Unit\Runtime\AbstractRuntimeTest" classname="Tests.Unit.Runtime.AbstractRuntimeTest" assertions="6" time="0.000148"/>
        <testcase name="it can set options" file="tests/Unit/Runtime/AbstractRuntimeTest.php::it can set options" class="Tests\Unit\Runtime\AbstractRuntimeTest" classname="Tests.Unit.Runtime.AbstractRuntimeTest" assertions="3" time="0.000116"/>
        <testcase name="it returns GenericResolver for any callable" file="tests/Unit/Runtime/AbstractRuntimeTest.php::it returns GenericResolver for any callable" class="Tests\Unit\Runtime\AbstractRuntimeTest" classname="Tests.Unit.Runtime.AbstractRuntimeTest" assertions="2" time="0.000105"/>
        <testcase name="it returns VoidRunner for null application" file="tests/Unit/Runtime/AbstractRuntimeTest.php::it returns VoidRunner for null application" class="Tests\Unit\Runtime\AbstractRuntimeTest" classname="Tests.Unit.Runtime.AbstractRuntimeTest" assertions="2" time="0.000101"/>
        <testcase name="it returns CallableRunner for callable application" file="tests/Unit/Runtime/AbstractRuntimeTest.php::it returns CallableRunner for callable application" class="Tests\Unit\Runtime\AbstractRuntimeTest" classname="Tests.Unit.Runtime.AbstractRuntimeTest" assertions="2" time="0.000143"/>
        <testcase name="it throws exception for unsupported application type" file="tests/Unit/Runtime/AbstractRuntimeTest.php::it throws exception for unsupported application type" class="Tests\Unit\Runtime\AbstractRuntimeTest" classname="Tests.Unit.Runtime.AbstractRuntimeTest" assertions="1" time="0.000111"/>
        <testcase name="it can be cloned with new options" file="tests/Unit/Runtime/AbstractRuntimeTest.php::it can be cloned with new options" class="Tests\Unit\Runtime\AbstractRuntimeTest" classname="Tests.Unit.Runtime.AbstractRuntimeTest" assertions="3" time="0.000154"/>
        <testcase name="it respects environment variables in default options" file="tests/Unit/Runtime/AbstractRuntimeTest.php::it respects environment variables in default options" class="Tests\Unit\Runtime\AbstractRuntimeTest" classname="Tests.Unit.Runtime.AbstractRuntimeTest" assertions="2" time="0.000608"/>
      </testsuite>
      <testsuite name="Tests\Unit\Runtime\FrankenPHPRuntimeTest" file="tests/Unit/Runtime/FrankenPHPRuntimeTest.php" tests="9" assertions="27" errors="0" failures="0" skipped="0" time="0.004198">
        <testcase name="it implements RuntimeInterface" file="tests/Unit/Runtime/FrankenPHPRuntimeTest.php::it implements RuntimeInterface" class="Tests\Unit\Runtime\FrankenPHPRuntimeTest" classname="Tests.Unit.Runtime.FrankenPHPRuntimeTest" assertions="1" time="0.002477"/>
        <testcase name="it has FrankenPHP specific default options" file="tests/Unit/Runtime/FrankenPHPRuntimeTest.php::it has FrankenPHP specific default options" class="Tests\Unit\Runtime\FrankenPHPRuntimeTest" classname="Tests.Unit.Runtime.FrankenPHPRuntimeTest" assertions="5" time="0.000126"/>
        <testcase name="it has correct default values" file="tests/Unit/Runtime/FrankenPHPRuntimeTest.php::it has correct default values" class="Tests\Unit\Runtime\FrankenPHPRuntimeTest" classname="Tests.Unit.Runtime.FrankenPHPRuntimeTest" assertions="4" time="0.000168"/>
        <testcase name="it can be configured with custom options" file="tests/Unit/Runtime/FrankenPHPRuntimeTest.php::it can be configured with custom options" class="Tests\Unit\Runtime\FrankenPHPRuntimeTest" classname="Tests.Unit.Runtime.FrankenPHPRuntimeTest" assertions="5" time="0.000172"/>
        <testcase name="it inherits ThinkPHP runtime functionality" file="tests/Unit/Runtime/FrankenPHPRuntimeTest.php::it inherits ThinkPHP runtime functionality" class="Tests\Unit\Runtime\FrankenPHPRuntimeTest" classname="Tests.Unit.Runtime.FrankenPHPRuntimeTest" assertions="4" time="0.000152"/>
        <testcase name="it respects environment variables" file="tests/Unit/Runtime/FrankenPHPRuntimeTest.php::it respects environment variables" class="Tests\Unit\Runtime\FrankenPHPRuntimeTest" classname="Tests.Unit.Runtime.FrankenPHPRuntimeTest" assertions="2" time="0.000113"/>
        <testcase name="it uses FrankenPHP runner in worker mode" file="tests/Unit/Runtime/FrankenPHPRuntimeTest.php::it uses FrankenPHP runner in worker mode" class="Tests\Unit\Runtime\FrankenPHPRuntimeTest" classname="Tests.Unit.Runtime.FrankenPHPRuntimeTest" assertions="1" time="0.000107"/>
        <testcase name="it can be extended with additional options" file="tests/Unit/Runtime/FrankenPHPRuntimeTest.php::it can be extended with additional options" class="Tests\Unit\Runtime\FrankenPHPRuntimeTest" classname="Tests.Unit.Runtime.FrankenPHPRuntimeTest" assertions="4" time="0.000145"/>
        <testcase name="it uses parent runner when not in worker mode" file="tests/Unit/Runtime/FrankenPHPRuntimeTest.php::it uses parent runner when not in worker mode" class="Tests\Unit\Runtime\FrankenPHPRuntimeTest" classname="Tests.Unit.Runtime.FrankenPHPRuntimeTest" assertions="1" time="0.000738"/>
      </testsuite>
      <testsuite name="Tests\Unit\Runtime\ReactPHPRuntimeTest" file="tests/Unit/Runtime/ReactPHPRuntimeTest.php" tests="9" assertions="30" errors="0" failures="0" skipped="0" time="0.002441">
        <testcase name="it implements RuntimeInterface" file="tests/Unit/Runtime/ReactPHPRuntimeTest.php::it implements RuntimeInterface" class="Tests\Unit\Runtime\ReactPHPRuntimeTest" classname="Tests.Unit.Runtime.ReactPHPRuntimeTest" assertions="1" time="0.001522"/>
        <testcase name="it has ReactPHP specific default options" file="tests/Unit/Runtime/ReactPHPRuntimeTest.php::it has ReactPHP specific default options" class="Tests\Unit\Runtime\ReactPHPRuntimeTest" classname="Tests.Unit.Runtime.ReactPHPRuntimeTest" assertions="5" time="0.000126"/>
        <testcase name="it has correct default values" file="tests/Unit/Runtime/ReactPHPRuntimeTest.php::it has correct default values" class="Tests\Unit\Runtime\ReactPHPRuntimeTest" classname="Tests.Unit.Runtime.ReactPHPRuntimeTest" assertions="5" time="0.000117"/>
        <testcase name="it can be configured with custom options" file="tests/Unit/Runtime/ReactPHPRuntimeTest.php::it can be configured with custom options" class="Tests\Unit\Runtime\ReactPHPRuntimeTest" classname="Tests.Unit.Runtime.ReactPHPRuntimeTest" assertions="5" time="0.000124"/>
        <testcase name="it inherits ThinkPHP runtime functionality" file="tests/Unit/Runtime/ReactPHPRuntimeTest.php::it inherits ThinkPHP runtime functionality" class="Tests\Unit\Runtime\ReactPHPRuntimeTest" classname="Tests.Unit.Runtime.ReactPHPRuntimeTest" assertions="4" time="0.000104"/>
        <testcase name="it can handle performance tuning options" file="tests/Unit/Runtime/ReactPHPRuntimeTest.php::it can handle performance tuning options" class="Tests\Unit\Runtime\ReactPHPRuntimeTest" classname="Tests.Unit.Runtime.ReactPHPRuntimeTest" assertions="3" time="0.000110"/>
        <testcase name="it can be extended with additional options" file="tests/Unit/Runtime/ReactPHPRuntimeTest.php::it can be extended with additional options" class="Tests\Unit\Runtime\ReactPHPRuntimeTest" classname="Tests.Unit.Runtime.ReactPHPRuntimeTest" assertions="4" time="0.000135"/>
        <testcase name="it supports debug configuration" file="tests/Unit/Runtime/ReactPHPRuntimeTest.php::it supports debug configuration" class="Tests\Unit\Runtime\ReactPHPRuntimeTest" classname="Tests.Unit.Runtime.ReactPHPRuntimeTest" assertions="1" time="0.000099"/>
        <testcase name="it maintains environment configuration" file="tests/Unit/Runtime/ReactPHPRuntimeTest.php::it maintains environment configuration" class="Tests\Unit\Runtime\ReactPHPRuntimeTest" classname="Tests.Unit.Runtime.ReactPHPRuntimeTest" assertions="2" time="0.000104"/>
      </testsuite>
      <testsuite name="Tests\Unit\Runtime\SwooleRuntimeTest" file="tests/Unit/Runtime/SwooleRuntimeTest.php" tests="10" assertions="47" errors="0" failures="0" skipped="0" time="0.003074">
        <testcase name="it implements RuntimeInterface" file="tests/Unit/Runtime/SwooleRuntimeTest.php::it implements RuntimeInterface" class="Tests\Unit\Runtime\SwooleRuntimeTest" classname="Tests.Unit.Runtime.SwooleRuntimeTest" assertions="1" time="0.001868"/>
        <testcase name="it has Swoole specific default options" file="tests/Unit/Runtime/SwooleRuntimeTest.php::it has Swoole specific default options" class="Tests\Unit\Runtime\SwooleRuntimeTest" classname="Tests.Unit.Runtime.SwooleRuntimeTest" assertions="10" time="0.000166"/>
        <testcase name="it has correct default values" file="tests/Unit/Runtime/SwooleRuntimeTest.php::it has correct default values" class="Tests\Unit\Runtime\SwooleRuntimeTest" classname="Tests.Unit.Runtime.SwooleRuntimeTest" assertions="7" time="0.000134"/>
        <testcase name="it can be configured with custom options" file="tests/Unit/Runtime/SwooleRuntimeTest.php::it can be configured with custom options" class="Tests\Unit\Runtime\SwooleRuntimeTest" classname="Tests.Unit.Runtime.SwooleRuntimeTest" assertions="7" time="0.000146"/>
        <testcase name="it inherits ThinkPHP runtime functionality" file="tests/Unit/Runtime/SwooleRuntimeTest.php::it inherits ThinkPHP runtime functionality" class="Tests\Unit\Runtime\SwooleRuntimeTest" classname="Tests.Unit.Runtime.SwooleRuntimeTest" assertions="4" time="0.000112"/>
        <testcase name="it respects environment variables" file="tests/Unit/Runtime/SwooleRuntimeTest.php::it respects environment variables" class="Tests\Unit\Runtime\SwooleRuntimeTest" classname="Tests.Unit.Runtime.SwooleRuntimeTest" assertions="5" time="0.000134"/>
        <testcase name="it uses Swoole runner for applications" file="tests/Unit/Runtime/SwooleRuntimeTest.php::it uses Swoole runner for applications" class="Tests\Unit\Runtime\SwooleRuntimeTest" classname="Tests.Unit.Runtime.SwooleRuntimeTest" assertions="1" time="0.000107"/>
        <testcase name="it uses parent runner for null application" file="tests/Unit/Runtime/SwooleRuntimeTest.php::it uses parent runner for null application" class="Tests\Unit\Runtime\SwooleRuntimeTest" classname="Tests.Unit.Runtime.SwooleRuntimeTest" assertions="1" time="0.000111"/>
        <testcase name="it can handle performance tuning options" file="tests/Unit/Runtime/SwooleRuntimeTest.php::it can handle performance tuning options" class="Tests\Unit\Runtime\SwooleRuntimeTest" classname="Tests.Unit.Runtime.SwooleRuntimeTest" assertions="7" time="0.000152"/>
        <testcase name="it can be extended with additional options" file="tests/Unit/Runtime/SwooleRuntimeTest.php::it can be extended with additional options" class="Tests\Unit\Runtime\SwooleRuntimeTest" classname="Tests.Unit.Runtime.SwooleRuntimeTest" assertions="4" time="0.000144"/>
      </testsuite>
      <testsuite name="Tests\Unit\Runtime\ThinkPHPRuntimeTest" file="tests/Unit/Runtime/ThinkPHPRuntimeTest.php" tests="7" assertions="20" errors="0" failures="0" skipped="0" time="0.001715">
        <testcase name="it implements RuntimeInterface" file="tests/Unit/Runtime/ThinkPHPRuntimeTest.php::it implements RuntimeInterface" class="Tests\Unit\Runtime\ThinkPHPRuntimeTest" classname="Tests.Unit.Runtime.ThinkPHPRuntimeTest" assertions="1" time="0.001051"/>
        <testcase name="it has ThinkPHP specific default options" file="tests/Unit/Runtime/ThinkPHPRuntimeTest.php::it has ThinkPHP specific default options" class="Tests\Unit\Runtime\ThinkPHPRuntimeTest" classname="Tests.Unit.Runtime.ThinkPHPRuntimeTest" assertions="4" time="0.000114"/>
        <testcase name="it can be configured with custom options" file="tests/Unit/Runtime/ThinkPHPRuntimeTest.php::it can be configured with custom options" class="Tests\Unit\Runtime\ThinkPHPRuntimeTest" classname="Tests.Unit.Runtime.ThinkPHPRuntimeTest" assertions="4" time="0.000112"/>
        <testcase name="it inherits base runtime functionality" file="tests/Unit/Runtime/ThinkPHPRuntimeTest.php::it inherits base runtime functionality" class="Tests\Unit\Runtime\ThinkPHPRuntimeTest" classname="Tests.Unit.Runtime.ThinkPHPRuntimeTest" assertions="2" time="0.000099"/>
        <testcase name="it can handle environment configuration" file="tests/Unit/Runtime/ThinkPHPRuntimeTest.php::it can handle environment configuration" class="Tests\Unit\Runtime\ThinkPHPRuntimeTest" classname="Tests.Unit.Runtime.ThinkPHPRuntimeTest" assertions="2" time="0.000102"/>
        <testcase name="it supports dotenv configuration" file="tests/Unit/Runtime/ThinkPHPRuntimeTest.php::it supports dotenv configuration" class="Tests\Unit\Runtime\ThinkPHPRuntimeTest" classname="Tests.Unit.Runtime.ThinkPHPRuntimeTest" assertions="3" time="0.000106"/>
        <testcase name="it can be extended with additional options" file="tests/Unit/Runtime/ThinkPHPRuntimeTest.php::it can be extended with additional options" class="Tests\Unit\Runtime\ThinkPHPRuntimeTest" classname="Tests.Unit.Runtime.ThinkPHPRuntimeTest" assertions="4" time="0.000131"/>
      </testsuite>
      <testsuite name="Tests\Unit\Runtime\VercelRuntimeTest" file="tests/Unit/Runtime/VercelRuntimeTest.php" tests="11" assertions="55" errors="0" failures="0" skipped="0" time="0.002844">
        <testcase name="it inherits ThinkPHP runtime functionality" file="tests/Unit/Runtime/VercelRuntimeTest.php::it inherits ThinkPHP runtime functionality" class="Tests\Unit\Runtime\VercelRuntimeTest" classname="Tests.Unit.Runtime.VercelRuntimeTest" assertions="4" time="0.001601"/>
        <testcase name="it respects environment variables" file="tests/Unit/Runtime/VercelRuntimeTest.php::it respects environment variables" class="Tests\Unit\Runtime\VercelRuntimeTest" classname="Tests.Unit.Runtime.VercelRuntimeTest" assertions="6" time="0.000135"/>
        <testcase name="it detects Vercel environment correctly" file="tests/Unit/Runtime/VercelRuntimeTest.php::it detects Vercel environment correctly" class="Tests\Unit\Runtime\VercelRuntimeTest" classname="Tests.Unit.Runtime.VercelRuntimeTest" assertions="3" time="0.000107"/>
        <testcase name="it provides deployment information" file="tests/Unit/Runtime/VercelRuntimeTest.php::it provides deployment information" class="Tests\Unit\Runtime\VercelRuntimeTest" classname="Tests.Unit.Runtime.VercelRuntimeTest" assertions="8" time="0.000138"/>
        <testcase name="it has correct default values" file="tests/Unit/Runtime/VercelRuntimeTest.php::it has correct default values" class="Tests\Unit\Runtime\VercelRuntimeTest" classname="Tests.Unit.Runtime.VercelRuntimeTest" assertions="9" time="0.000125"/>
        <testcase name="it can be configured with custom options" file="tests/Unit/Runtime/VercelRuntimeTest.php::it can be configured with custom options" class="Tests\Unit\Runtime\VercelRuntimeTest" classname="Tests.Unit.Runtime.VercelRuntimeTest" assertions="8" time="0.000155"/>
        <testcase name="it uses Vercel runner for applications" file="tests/Unit/Runtime/VercelRuntimeTest.php::it uses Vercel runner for applications" class="Tests\Unit\Runtime\VercelRuntimeTest" classname="Tests.Unit.Runtime.VercelRuntimeTest" assertions="1" time="0.000128"/>
        <testcase name="it can be extended with additional options" file="tests/Unit/Runtime/VercelRuntimeTest.php::it can be extended with additional options" class="Tests\Unit\Runtime\VercelRuntimeTest" classname="Tests.Unit.Runtime.VercelRuntimeTest" assertions="4" time="0.000143"/>
        <testcase name="it has Vercel specific default options" file="tests/Unit/Runtime/VercelRuntimeTest.php::it has Vercel specific default options" class="Tests\Unit\Runtime\VercelRuntimeTest" classname="Tests.Unit.Runtime.VercelRuntimeTest" assertions="10" time="0.000124"/>
        <testcase name="it uses parent runner for null application" file="tests/Unit/Runtime/VercelRuntimeTest.php::it uses parent runner for null application" class="Tests\Unit\Runtime\VercelRuntimeTest" classname="Tests.Unit.Runtime.VercelRuntimeTest" assertions="1" time="0.000099"/>
        <testcase name="it implements RuntimeInterface" file="tests/Unit/Runtime/VercelRuntimeTest.php::it implements RuntimeInterface" class="Tests\Unit\Runtime\VercelRuntimeTest" classname="Tests.Unit.Runtime.VercelRuntimeTest" assertions="1" time="0.000087"/>
      </testsuite>
      <testsuite name="Tests\Unit\Runtime\WorkermanRuntimeTest" file="tests/Unit/Runtime/WorkermanRuntimeTest.php" tests="8" assertions="31" errors="0" failures="0" skipped="0" time="0.002480">
        <testcase name="it implements RuntimeInterface" file="tests/Unit/Runtime/WorkermanRuntimeTest.php::it implements RuntimeInterface" class="Tests\Unit\Runtime\WorkermanRuntimeTest" classname="Tests.Unit.Runtime.WorkermanRuntimeTest" assertions="1" time="0.001675"/>
        <testcase name="it has Workerman specific default options" file="tests/Unit/Runtime/WorkermanRuntimeTest.php::it has Workerman specific default options" class="Tests\Unit\Runtime\WorkermanRuntimeTest" classname="Tests.Unit.Runtime.WorkermanRuntimeTest" assertions="6" time="0.000130"/>
        <testcase name="it has correct default values" file="tests/Unit/Runtime/WorkermanRuntimeTest.php::it has correct default values" class="Tests\Unit\Runtime\WorkermanRuntimeTest" classname="Tests.Unit.Runtime.WorkermanRuntimeTest" assertions="6" time="0.000121"/>
        <testcase name="it can be configured with custom options" file="tests/Unit/Runtime/WorkermanRuntimeTest.php::it can be configured with custom options" class="Tests\Unit\Runtime\WorkermanRuntimeTest" classname="Tests.Unit.Runtime.WorkermanRuntimeTest" assertions="4" time="0.000113"/>
        <testcase name="it inherits ThinkPHP runtime functionality" file="tests/Unit/Runtime/WorkermanRuntimeTest.php::it inherits ThinkPHP runtime functionality" class="Tests\Unit\Runtime\WorkermanRuntimeTest" classname="Tests.Unit.Runtime.WorkermanRuntimeTest" assertions="4" time="0.000101"/>
        <testcase name="it can handle SSL configuration" file="tests/Unit/Runtime/WorkermanRuntimeTest.php::it can handle SSL configuration" class="Tests\Unit\Runtime\WorkermanRuntimeTest" classname="Tests.Unit.Runtime.WorkermanRuntimeTest" assertions="3" time="0.000110"/>
        <testcase name="it can handle socket context configuration" file="tests/Unit/Runtime/WorkermanRuntimeTest.php::it can handle socket context configuration" class="Tests\Unit\Runtime\WorkermanRuntimeTest" classname="Tests.Unit.Runtime.WorkermanRuntimeTest" assertions="3" time="0.000105"/>
        <testcase name="it can be extended with additional options" file="tests/Unit/Runtime/WorkermanRuntimeTest.php::it can be extended with additional options" class="Tests\Unit\Runtime\WorkermanRuntimeTest" classname="Tests.Unit.Runtime.WorkermanRuntimeTest" assertions="4" time="0.000125"/>
      </testsuite>
    </testsuite>
    <testsuite name="Feature" tests="7" assertions="15" errors="0" failures="0" skipped="0" time="0.042936">
      <testsuite name="Tests\Feature\ComposerPluginTest" file="tests/Feature/ComposerPluginTest.php" tests="7" assertions="15" errors="0" failures="0" skipped="0" time="0.042936">
        <testcase name="it can be activated" file="tests/Feature/ComposerPluginTest.php::it can be activated" class="Tests\Feature\ComposerPluginTest" classname="Tests.Feature.ComposerPluginTest" assertions="1" time="0.023377"/>
        <testcase name="it can be deactivated" file="tests/Feature/ComposerPluginTest.php::it can be deactivated" class="Tests\Feature\ComposerPluginTest" classname="Tests.Feature.ComposerPluginTest" assertions="1" time="0.000137"/>
        <testcase name="it can generate autoload runtime content" file="tests/Feature/ComposerPluginTest.php::it can generate autoload runtime content" class="Tests\Feature\ComposerPluginTest" classname="Tests.Feature.ComposerPluginTest" assertions="4" time="0.018039"/>
        <testcase name="it can uninstall and remove autoload file" file="tests/Feature/ComposerPluginTest.php::it can uninstall and remove autoload file" class="Tests\Feature\ComposerPluginTest" classname="Tests.Feature.ComposerPluginTest" assertions="2" time="0.000322"/>
        <testcase name="it implements required interfaces" file="tests/Feature/ComposerPluginTest.php::it implements required interfaces" class="Tests\Feature\ComposerPluginTest" classname="Tests.Feature.ComposerPluginTest" assertions="2" time="0.000109"/>
        <testcase name="it subscribes to correct events" file="tests/Feature/ComposerPluginTest.php::it subscribes to correct events" class="Tests\Feature\ComposerPluginTest" classname="Tests.Feature.ComposerPluginTest" assertions="2" time="0.000517"/>
        <testcase name="it can handle custom template" file="tests/Feature/ComposerPluginTest.php::it can handle custom template" class="Tests\Feature\ComposerPluginTest" classname="Tests.Feature.ComposerPluginTest" assertions="3" time="0.000436"/>
      </testsuite>
    </testsuite>
    <testsuite name="Integration" tests="9" assertions="27" errors="0" failures="0" skipped="0" time="0.002919">
      <testsuite name="Tests\Integration\RuntimeIntegrationTest" file="tests/Integration/RuntimeIntegrationTest.php" tests="9" assertions="27" errors="0" failures="0" skipped="0" time="0.002919">
        <testcase name="it can run complete ThinkPHP runtime workflow" file="tests/Integration/RuntimeIntegrationTest.php::it can run complete ThinkPHP runtime workflow" class="Tests\Integration\RuntimeIntegrationTest" classname="Tests.Integration.RuntimeIntegrationTest" assertions="2" time="0.001082"/>
        <testcase name="it can handle different application types" file="tests/Integration/RuntimeIntegrationTest.php::it can handle different application types" class="Tests\Integration\RuntimeIntegrationTest" classname="Tests.Integration.RuntimeIntegrationTest" assertions="2" time="0.000107"/>
        <testcase name="it can handle runtime options correctly" file="tests/Integration/RuntimeIntegrationTest.php::it can handle runtime options correctly" class="Tests\Integration\RuntimeIntegrationTest" classname="Tests.Integration.RuntimeIntegrationTest" assertions="3" time="0.000110"/>
        <testcase name="it can extend runtime with custom options" file="tests/Integration/RuntimeIntegrationTest.php::it can extend runtime with custom options" class="Tests\Integration\RuntimeIntegrationTest" classname="Tests.Integration.RuntimeIntegrationTest" assertions="4" time="0.000134"/>
        <testcase name="it can handle Workerman runtime configuration" file="tests/Integration/RuntimeIntegrationTest.php::it can handle Workerman runtime configuration" class="Tests\Integration\RuntimeIntegrationTest" classname="Tests.Integration.RuntimeIntegrationTest" assertions="3" time="0.000109"/>
        <testcase name="it can handle ReactPHP runtime configuration" file="tests/Integration/RuntimeIntegrationTest.php::it can handle ReactPHP runtime configuration" class="Tests\Integration\RuntimeIntegrationTest" classname="Tests.Integration.RuntimeIntegrationTest" assertions="3" time="0.000106"/>
        <testcase name="it can handle error scenarios gracefully" file="tests/Integration/RuntimeIntegrationTest.php::it can handle error scenarios gracefully" class="Tests\Integration\RuntimeIntegrationTest" classname="Tests.Integration.RuntimeIntegrationTest" assertions="1" time="0.000111"/>
        <testcase name="it can handle environment variable configuration" file="tests/Integration/RuntimeIntegrationTest.php::it can handle environment variable configuration" class="Tests\Integration\RuntimeIntegrationTest" classname="Tests.Integration.RuntimeIntegrationTest" assertions="2" time="0.000101"/>
        <testcase name="it can resolve complex parameter combinations" file="tests/Integration/RuntimeIntegrationTest.php::it can resolve complex parameter combinations" class="Tests\Integration\RuntimeIntegrationTest" classname="Tests.Integration.RuntimeIntegrationTest" assertions="7" time="0.001059"/>
      </testsuite>
    </testsuite>
  </testsuite>
</testsuites>
